C:\Users\xmai\.conda\envs\bradford_bulls\lib\site-packages\huggingface_hub\file_download.py:143: UserWarning: `huggingface_hub` cache-system uses symlinks by default to efficiently store duplicated files but your machine does not support them in C:\Users\xmai\.cache\huggingface\hub\models--diffusers--controlnet-canny-sdxl-1.0. Caching files will still work but in a degraded version that might require more space on your disk. This warning can be disabled by setting the `HF_HUB_DISABLE_SYMLINKS_WARNING` environment variable. For more details, see https://huggingface.co/docs/huggingface_hub/how-to-cache#limitations.
To support symlinks on Windows, you either need to activate Developer Mode or to run Python as an administrator. In order to activate developer mode, see this article: https://docs.microsoft.com/en-us/windows/apps/get-started/enable-your-device-for-development
  warnings.warn(message)
C:\Users\xmai\.conda\envs\bradford_bulls\lib\site-packages\huggingface_hub\file_download.py:143: UserWarning: `huggingface_hub` cache-system uses symlinks by default to efficiently store duplicated files but your machine does not support them in C:\Users\xmai\.cache\huggingface\hub\models--stabilityai--stable-diffusion-xl-base-1.0. Caching files will still work but in a degraded version that might require more space on your disk. This warning can be disabled by setting the `HF_HUB_DISABLE_SYMLINKS_WARNING` environment variable. For more details, see https://huggingface.co/docs/huggingface_hub/how-to-cache#limitations.
To support symlinks on Windows, you either need to activate Developer Mode or to run Python as an administrator. In order to activate developer mode, see this article: https://docs.microsoft.com/en-us/windows/apps/get-started/enable-your-device-for-development
  warnings.warn(message)
[skip] empty file: romantica black.jpg
[logos] loaded 20 assets from C:\Users\xmai\Bradford\bradford_bull_v2\Sponsor Logo
[bg] 3372 background frames
[model] loading canny controlnet ...
[model] loading SDXL inpaint pipeline ...
Fetching 19 files:   0%|          | 0/19 [00:00<?, ?it/s]Fetching 19 files:  11%|#         | 2/19 [00:00<00:01,  9.17it/s]Fetching 19 files:  21%|##1       | 4/19 [00:10<00:45,  3.04s/it]Fetching 19 files:  26%|##6       | 5/19 [00:10<00:30,  2.19s/it]Fetching 19 files:  32%|###1      | 6/19 [00:39<02:10, 10.00s/it]Fetching 19 files:  84%|########4 | 16/19 [01:02<00:11,  3.81s/it]Fetching 19 files: 100%|##########| 19/19 [01:02<00:00,  3.30s/it]
Loading pipeline components...:   0%|          | 0/7 [00:00<?, ?it/s]Loading pipeline components...:  14%|#4        | 1/7 [00:00<00:01,  5.48it/s]Loading pipeline components...:  29%|##8       | 2/7 [00:00<00:00,  7.28it/s]Loading pipeline components...:  43%|####2     | 3/7 [00:00<00:00,  6.72it/s]Loading pipeline components...:  71%|#######1  | 5/7 [00:00<00:00,  5.42it/s]Loading pipeline components...:  86%|########5 | 6/7 [00:01<00:00,  4.14it/s]Loading pipeline components...: 100%|##########| 7/7 [00:01<00:00,  5.20it/s]
C:\Users\xmai\.conda\envs\bradford_bulls\lib\site-packages\huggingface_hub\file_download.py:143: UserWarning: `huggingface_hub` cache-system uses symlinks by default to efficiently store duplicated files but your machine does not support them in C:\Users\xmai\.cache\huggingface\hub\models--h94--IP-Adapter. Caching files will still work but in a degraded version that might require more space on your disk. This warning can be disabled by setting the `HF_HUB_DISABLE_SYMLINKS_WARNING` environment variable. For more details, see https://huggingface.co/docs/huggingface_hub/how-to-cache#limitations.
To support symlinks on Windows, you either need to activate Developer Mode or to run Python as an administrator. In order to activate developer mode, see this article: https://docs.microsoft.com/en-us/windows/apps/get-started/enable-your-device-for-development
  warnings.warn(message)
`torch_dtype` is deprecated! Use `dtype` instead!
C:\Users\xmai\.conda\envs\bradford_bulls\lib\site-packages\diffusers\pipelines\pipeline_utils.py:2294: FutureWarning: `enable_vae_tiling` is deprecated and will be removed in version 0.40.0. Calling `enable_vae_tiling()` on a `StableDiffusionXLControlNetInpaintPipeline` is deprecated and this method will be removed in a future version. Please use `pipe.vae.enable_tiling()`.
  deprecate(
C:\Users\xmai\.conda\envs\bradford_bulls\lib\site-packages\diffusers\pipelines\controlnet\pipeline_controlnet_inpaint_sd_xl.py:1131: FutureWarning: `upcast_vae` is deprecated and will be removed in version 1.0.0. `upcast_vae` is deprecated. Please use `pipe.vae.to(torch.float32)`. For more details, please refer to: https://github.com/huggingface/diffusers/pull/12619#issue-3606633695.
  deprecate(
[model] IP-Adapter ON (scale=0.5)
  [1/3] bac3_000000  (+2 logos)
  [2/3] bac3_000001  (+2 logos)
  [3/3] bac3_000002  (+1 logos)

[done] 3 images -> C:\Users\xmai\Bradford\bradford_bull_v2\logo_detection\synthetic\data_bac3_smoke
libpng warning: iCCP: known incorrect sRGB profile
libpng warning: iCCP: known incorrect sRGB profile
libpng warning: iCCP: known incorrect sRGB profile
libpng warning: iCCP: known incorrect sRGB profile
libpng warning: iCCP: known incorrect sRGB profile
libpng warning: iCCP: known incorrect sRGB profile
